main.c:84:6:displayLives	32	static
main.c:99:6:displayHit	48	static
main.c:111:6:displayGameOver	40	static
main.c:123:6:HAL_GPIO_EXTI_Callback	16	static
main.c:137:6:HAL_UART_RxCpltCallback	16	static
main.c:170:6:HAL_TIM_PeriodElapsedCallback	40	static
main.c:216:5:main	112	static
main.c:299:6:SystemClock_Config	88	static
main.c:344:13:MX_I2C1_Init	8	static
main.c:378:13:MX_I2C3_Init	8	static
main.c:412:13:MX_TIM2_Init	48	static
main.c:461:13:MX_TIM11_Init	8	static
main.c:492:13:MX_USART1_UART_Init	8	static
main.c:525:13:MX_USART2_UART_Init	8	static
main.c:558:13:MX_GPIO_Init	48	static
main.c:596:1:__io_putchar	16	static
main.c:609:6:Error_Handler	4	static,ignoring_inline_asm
