main.c:88:6:displayLives	32	static
main.c:103:6:displayHit	48	static
main.c:115:6:displayGameOver	40	static
main.c:127:6:HAL_GPIO_EXTI_Callback	16	static
main.c:141:6:HAL_UART_RxCpltCallback	16	static
main.c:179:6:HAL_TIM_PeriodElapsedCallback	48	static
main.c:230:5:main	112	static
main.c:317:6:SystemClock_Config	88	static
main.c:362:13:MX_ADC1_Init	24	static
main.c:412:13:MX_I2C1_Init	8	static
main.c:446:13:MX_I2C3_Init	8	static
main.c:480:13:MX_TIM2_Init	48	static
main.c:529:13:MX_TIM5_Init	48	static
main.c:577:13:MX_TIM11_Init	8	static
main.c:608:13:MX_USART1_UART_Init	8	static
main.c:641:13:MX_GPIO_Init	48	static
main.c:696:1:__io_putchar	16	static
main.c:709:6:Error_Handler	4	static,ignoring_inline_asm
