main.c:72:6:fire	40	static
main.c:90:6:HAL_TIM_PeriodElapsedCallback	16	static
main.c:99:6:HAL_GPIO_EXTI_Callback	16	static
main.c:114:6:HAL_UART_RxCpltCallback	32	static
main.c:159:5:main	8	static
main.c:213:6:SystemClock_Config	88	static
main.c:258:13:MX_TIM2_Init	64	static
main.c:317:13:MX_TIM3_Init	64	static
main.c:388:13:MX_TIM5_Init	64	static
main.c:446:13:MX_USART1_UART_Init	8	static
main.c:479:13:MX_USART2_UART_Init	8	static
main.c:512:13:MX_GPIO_Init	48	static
main.c:574:6:Error_Handler	4	static,ignoring_inline_asm
