main.c:75:6:fire	40	static
main.c:93:6:HAL_TIM_PeriodElapsedCallback	16	static
main.c:102:6:HAL_GPIO_EXTI_Callback	16	static
main.c:117:6:HAL_UART_RxCpltCallback	40	static
main.c:165:5:main	8	static
main.c:222:6:SystemClock_Config	88	static
main.c:267:13:MX_TIM1_Init	80	static
main.c:331:13:MX_TIM2_Init	64	static
main.c:390:13:MX_TIM3_Init	64	static
main.c:461:13:MX_TIM5_Init	64	static
main.c:519:13:MX_USART1_UART_Init	8	static
main.c:552:13:MX_USART2_UART_Init	8	static
main.c:585:13:MX_GPIO_Init	48	static
main.c:647:6:Error_Handler	4	static,ignoring_inline_asm
